
R version 2.6.0 RC (2007-09-28 r43016)
Copyright (C) 2007 The R Foundation for Statistical Computing
ISBN 3-900051-07-0

R is free software and comes with ABSOLUTELY NO WARRANTY.
You are welcome to redistribute it under certain conditions.
Type 'license()' or 'licence()' for distribution details.

R is a collaborative project with many contributors.
Type 'contributors()' for more information and
'citation()' on how to cite R or R packages in publications.

Type 'demo()' for some demos, 'help()' for on-line help, or
'help.start()' for an HTML browser interface to help.
Type 'q()' to quit R.

> 
> library(richards)
> 
> library(nlme)
> 
> demo(sourceRichards)


	demo(sourceRichards)
	---- ~~~~~~~~~~~~~~

> sSrichards <- selfStart( ~ d + (a - d) / (1 + (2^ny-1)*(input/x50)^b)^(1/ny),
+   function (mCall, data, LHS) initialRichards(mCall, data, LHS), c("a", "d", "b", "x50", "ny"))

> sSrichardsE <- selfStart( ~ d + (a - d) / (1 + ny*(input/e)^b)^(1/ny),
+   function (mCall, data, LHS) initialRichards(mCall, data, LHS, pnames = c("a", "d", "b", "e", "ny")), c("a", "d", "b", "e", "ny"))

> #                           ~ d + (a - d) / (1 + (2^ny-1)*exp(-(xmid-input)/scal))^(1/ny),
> 
> s.richardsLog <- selfStart( ~ a + (d - a) / (1 + (2^ny-1)*exp((xmid-input)/scal))^(1/ny),
+   function (mCall, data, LHS) initialRichardsLog(mCall, data .... [TRUNCATED] 

> sSrichardsLog <- selfStart( ~ d + (a - d) / (1 + (2^ny-1)*exp((input-xmid)/scal))^(1/ny),
+   function (mCall, data, LHS) initialRichardsLog(mCall, data, LHS), c("a", "d", "xmid", "scal", "ny"))

> sSrichardsLogBM <- selfStart( ~ d + (a - d) / (1 + (2^(1/m)-1) * exp(b*(input-xmid)))^(m),
+   function (mCall, data, LHS) initialRichardsLogB(mCall, data, LHS, 
+             pnames = c("a", "d", "xmid", "b", "m")), c("a", "d", "xmid", "b", "m"))

> sSnyFixedLogB <- selfStart( ~ d + (a - d) / (1 + (2^ny-1)*exp(b*(input-xmid)))^(1/ny),
+   function (mCall, data, LHS) initialNyFixedLogB(mCall, data, LHS, ny = NULL), c("a", "d", "xmid", "b"))
> 
> 
> data(ChickWeight)
> 
> ChickWeight <- cbind(ChickWeight, ExpTime = exp(ChickWeight[,"Time"]))
> 
> groupedChicks <- groupedData(weight ~ ExpTime | Diet / Chick, 
+                              inner = ~ PR, data = ChickWeight)
> 
> listChicks <- split(groupedChicks, list(groupedChicks[,"Diet"],
+                                         groupedChicks[,"Chick"]),
+                     drop = TRUE)
> 
> # - - - - - - - - - - - - - - - - - - - - - - - - - - - - - - - - - - -  #
> 
> Start <- list(a =    25, d =  200, b =  10, x50 =    10, ny =  1)
> Lower <- list(a = -2000, d =    5, b =   0, x50 =     1, ny =  0.01)
> Upper <- list(a =    50, d = 1500, b =  50, x50 = 10^20, ny = 128)
> 
> myApplyFUN2X <- 
+   function(X, FUN, start = Start, lower = Lower, upper = Upper,
+               Report = print, ...) {
+     if (dim(X)[1] > 0) {
+       result <- FUN(X, start, lower, upper)
+       # if (is.null(result) | class(result) == "try-error")
+       #  Report(X)
+       return(result)
+     }
+   }
> 
> # . . . . . . . . . . . . . . . . . . . . . . . . . . . . . . . . . . .  #
> 
> myApplyFUN2XLog <- 
+   function(X, FUN, start = StartLog, lower = LowerLog, upper = UpperLog,
+               Report = print, ...) {
+     if (dim(X)[1] > 0) {
+       result <- FUN(X, start, lower, upper)
+       if (is.null(result) | class(result) == "try-error")
+         Report(X)
+       return(result)
+     }
+   }
> 
> 
> StartLog <- list(a =    25, d =  200, xmid =     1, scal =  0.1, ny =  1)
> LowerLog <- list(a = -2000, d =    5, xmid =     0, scal =    0, ny =  0.01)
> UpperLog <- list(a =    50, d = 1500, xmid =    20, scal =  100, ny = 128)
> 
> # - - - - - - - - - - - - - - - - - - - - - - - - - - - - - - - - - - -  #
> 
> fit.RichardsE.BP <- function(X, start, lower, upper)
+  {
+   try(nls(weight ~ SSrichardsE(ExpTime, a, d, b, x50, ny),
+                    ###########
+           lower = lower, upper = upper, algorithm = "port",
+           control = nls.control(warnOnly = TRUE), data = X))
+  }
> 
> fits.RichardsE.BP <- fitList(listChicks, FUN = fit.RichardsE.BP,
+             start = list(a =    25, d =  200, b =  10, e =    10, ny =  1),
+             lower = list(a = -2000, d =    5, b =   0, e =     1, ny =  0.01),
+             upper = list(a =    50, d = 1500, b =  50, e = 10^20, ny = 128),
+                              applyFUN2X = myApplyFUN2X, n = 5)
               a          d          b          x50         ny
1.18          NA         NA         NA           NA         NA
1.16   35.846892   53.73499 0.32600822 2.390676e+01  0.0100000
1.15   30.090256   67.86196 0.31157281 2.840873e+01  0.0100000
1.13          NA         NA         NA           NA         NA
1.9    39.090273   97.01255 0.45706885 2.483130e+02  0.9614580
1.20   17.332630  141.69990 0.09590115 6.036503e+06  0.0100000
1.10   40.411882  300.68733 1.47960874 7.720873e+01 76.1669658
1.8    19.596474  130.09253 0.16134486 7.724031e+03  0.0100000
1.17          NA         NA         NA           NA         NA
1.19          NA         NA         NA           NA         NA
1.4    33.205541  166.31081 0.17163663 1.143050e+06  0.0100000
1.6    37.302435  159.30009 0.38650915 3.510292e+03  0.8329249
1.11   31.717741  180.45320 0.28445743 7.826785e+03  0.0100000
1.3    21.326253  212.54351 0.16367714 1.341873e+06  0.0100000
1.1    25.582402  264.42546 0.13720676 9.335351e+07  0.0100000
1.12   37.569123  217.96914 0.24180718 1.048817e+06  0.5726681
1.2     5.586864  267.86246 0.11679568 1.793649e+07  0.0100000
1.5    38.853139  245.10923 0.44204156 5.120323e+04  2.4392943
1.14   22.013084  270.01648 0.20114188 2.962902e+05  0.1680829
1.7    29.995963  534.30839 0.22698679 1.303519e+07  2.7807525
2.24          NA         NA         NA           NA         NA
2.30   16.401294  156.42613 0.14898408 4.889535e+04  0.0100000
2.22          NA         NA         NA           NA         NA
2.23   34.119982  233.30136 0.31910706 8.585892e+03  4.3013812
2.27          NA         NA         NA           NA         NA
2.28   30.740896  378.47905 0.33508873 4.957951e+04  6.2506454
2.26          NA         NA         NA           NA         NA
2.25  -13.970635  346.43687 0.10859707 2.429227e+07  0.0100000
2.29          NA         NA         NA           NA         NA
2.21   36.187337  398.81332 0.43745897 1.523887e+04  3.7996935
3.33   22.553780  150.44371 0.21509626 6.289736e+03  0.0100000
3.37   14.140336  241.64337 0.10876280 1.202366e+08  0.0100000
3.36   23.368094  228.02802 0.19122727 2.731642e+05  0.0100000
3.31    9.085050  738.86880 0.10136039 7.996169e+12  0.0100000
3.39          NA         NA         NA           NA         NA
3.38   16.103815  478.74079 0.12991675 2.392457e+09  0.0100000
3.32   -4.019613  383.05650 0.12425950 2.491059e+07  0.0100000
3.40    6.258356  511.90543 0.12870916 5.195257e+08  0.3122881
3.34    6.466301  432.16503 0.14001143 4.565856e+07  0.0100000
3.35   14.770086  439.84670 0.20482972 7.775864e+05  0.8492133
4.44   36.781228  159.58226 0.56246463 2.190177e+02  3.6176835
4.45 -171.290107  675.32041 0.05340869 1.854483e+07  2.4537739
4.43   33.322266  199.61505 0.37168010 1.764946e+03  0.7548336
4.41   35.510597  275.22223 0.49334900 1.089734e+03  7.4504551
4.47   33.508006  335.05097 0.42392681 2.959067e+03  8.9078367
4.49   16.040686  815.66746 0.30014810 4.601761e+04 18.5661108
4.46  -64.737682  403.55938 0.06874252 5.834047e+08  0.0100000
4.50   -1.323217  306.59392 0.12522674 3.376277e+06  0.0100000
4.42    5.486599 1500.00000 0.17560414 8.324443e+08 13.5112260
4.48   -9.277808  557.88216 0.10952840 3.835233e+09  0.0100000
> 
> # . . . . . . . . . . . . . . . . . . . . . . . . . . . . . . . . . . .  #
> 
> fit.RichardsE.Raw.BP <- function(X, start, lower, upper)
+  {
+   try(nls(weight ~ sSrichardsE(ExpTime, a, d, b, x50, ny),
+                    ###########
+           lower = lower, upper = upper, algorithm = "port",
+           control = nls.control(warnOnly = TRUE), data = X))
+  }
> 
> fits.RichardsE.Raw.BP <- fitList(listChicks, FUN = fit.RichardsE.Raw.BP,
+             start = list(a =    25, d =  200, b =  10, e =    10, ny =  1),
+             lower = list(a = -2000, d =    5, b =   0, e =     1, ny =  0.01),
+             upper = list(a =    50, d = 1500, b =  50, e = 10^20, ny = 128),
+                              applyFUN2X = myApplyFUN2X, n = 5)
               a          d          b          x50         ny
1.18          NA         NA         NA           NA         NA
1.16   35.846892   53.73499 0.32600822 2.390676e+01  0.0100000
1.15   30.090256   67.86196 0.31157281 2.840873e+01  0.0100000
1.13          NA         NA         NA           NA         NA
1.9    39.090273   97.01255 0.45706885 2.483130e+02  0.9614580
1.20   17.332630  141.69990 0.09590115 6.036503e+06  0.0100000
1.10   40.411882  300.68733 1.47960874 7.720873e+01 76.1669658
1.8    19.596474  130.09253 0.16134486 7.724031e+03  0.0100000
1.17          NA         NA         NA           NA         NA
1.19          NA         NA         NA           NA         NA
1.4    33.205541  166.31081 0.17163663 1.143050e+06  0.0100000
1.6    37.302435  159.30009 0.38650915 3.510292e+03  0.8329249
1.11   31.717741  180.45320 0.28445743 7.826785e+03  0.0100000
1.3    21.326253  212.54351 0.16367714 1.341873e+06  0.0100000
1.1    25.582403  264.42546 0.13720676 9.335350e+07  0.0100000
1.12   37.569123  217.96914 0.24180718 1.048817e+06  0.5726681
1.2     5.586864  267.86246 0.11679568 1.793649e+07  0.0100000
1.5    38.853139  245.10923 0.44204156 5.120323e+04  2.4392943
1.14   22.013084  270.01648 0.20114188 2.962902e+05  0.1680829
1.7    29.995963  534.30839 0.22698679 1.303519e+07  2.7807525
2.24          NA         NA         NA           NA         NA
2.30   16.401294  156.42613 0.14898408 4.889535e+04  0.0100000
2.22          NA         NA         NA           NA         NA
2.23   34.119982  233.30136 0.31910706 8.585892e+03  4.3013812
2.27          NA         NA         NA           NA         NA
2.28   30.740896  378.47905 0.33508873 4.957951e+04  6.2506454
2.26          NA         NA         NA           NA         NA
2.25  -13.970635  346.43687 0.10859707 2.429227e+07  0.0100000
2.29          NA         NA         NA           NA         NA
2.21   36.187337  398.81332 0.43745897 1.523887e+04  3.7996935
3.33   22.553780  150.44371 0.21509626 6.289736e+03  0.0100000
3.37   14.140336  241.64337 0.10876280 1.202366e+08  0.0100000
3.36   23.368094  228.02802 0.19122727 2.731642e+05  0.0100000
3.31    9.085050  738.86880 0.10136039 7.996169e+12  0.0100000
3.39          NA         NA         NA           NA         NA
3.38   16.103815  478.74079 0.12991675 2.392457e+09  0.0100000
3.32   -4.019613  383.05650 0.12425950 2.491059e+07  0.0100000
3.40    6.258356  511.90543 0.12870916 5.195257e+08  0.3122881
3.34    6.466301  432.16503 0.14001143 4.565856e+07  0.0100000
3.35   14.770086  439.84670 0.20482972 7.775864e+05  0.8492133
4.44   36.781228  159.58226 0.56246463 2.190177e+02  3.6176835
4.45 -171.290162  675.32009 0.05340867 1.854483e+07  2.4537704
4.43   33.322266  199.61505 0.37168010 1.764946e+03  0.7548336
4.41   35.510597  275.22223 0.49334900 1.089734e+03  7.4504551
4.47   33.508006  335.05097 0.42392681 2.959067e+03  8.9078367
4.49   16.040685  815.66744 0.30014809 4.601761e+04 18.5661094
4.46  -64.737681  403.55938 0.06874252 5.834047e+08  0.0100000
4.50   -1.323217  306.59392 0.12522674 3.376277e+06  0.0100000
4.42    5.486599 1500.00000 0.17560414 8.324443e+08 13.5112260
4.48   -9.277808  557.88216 0.10952840 3.835233e+09  0.0100000
> 
> # - - - - - - - - - - - - - - - - - - - - - - - - - - - - - - - - - - -  #
> 
> fit.Richards.BP <- function(X, start, lower, upper)
+  {
+   try(nls(weight ~ SSrichards(ExpTime, a, d, b, x50, ny),
+                    ##########
+           lower = lower, upper = upper, algorithm = "port",
+           control = nls.control(warnOnly = TRUE), data = X))
+  }
> 
> fits.Richards.BP <- fitList(listChicks, FUN = fit.Richards.BP,
+                             applyFUN2X = myApplyFUN2X, n = 5)
               a         d          b          x50        ny
1.18          NA        NA         NA           NA        NA
1.16   35.846844  53.73499 0.32600707 7.850212e+00 0.0100000
1.15   30.090279  67.86196 0.31157313 8.859566e+00 0.0100000
1.13          NA        NA         NA           NA        NA
1.9    39.090152  97.01260 0.45706785 2.403671e+02 0.9614769
1.20   17.332596 141.69995 0.09590108 1.369975e+05 0.0100000
1.10  -57.898014 217.80694 0.06679558 2.332438e+04 1.3242382
1.8    19.596502 130.09253 0.16134495 8.140114e+02 0.0100000
1.17          NA        NA         NA           NA        NA
1.19          NA        NA         NA           NA        NA
1.4    33.205515 166.31083 0.17163653 1.378626e+05 0.0100000
1.6    37.302418 159.30008 0.38650867 2.974666e+03 0.8329218
1.11   31.717743 180.45320 0.28445744 2.184265e+03 0.0100000
1.3    21.326255 212.54351 0.16367714 1.460231e+05 0.0100000
1.1    25.582402 264.42546 0.13720676 6.622163e+06 0.0100000
1.12   37.569115 217.96912 0.24180708 5.378570e+05 0.5726666
1.2     5.586864 267.86246 0.11679568 8.012829e+05 0.0100000
1.5    38.853146 245.10926 0.44204182 1.968553e+05 2.4392976
1.14   22.013084 270.01648 0.20114188 6.417423e+04 0.1680829
1.7    29.356629 503.46178 0.22113609 1.442228e+08 2.3197333
2.24          NA        NA         NA           NA        NA
2.30   16.401279 156.42614 0.14898405 4.275395e+03 0.0100000
2.22          NA        NA         NA           NA        NA
2.23   34.106523 233.21055 0.31886170 8.543999e+05 4.2930113
2.27          NA        NA         NA           NA        NA
2.28   29.286608 353.76144 0.30998638 2.030844e+07 4.9623111
2.26          NA        NA         NA           NA        NA
2.25  -13.970643 346.43689 0.10859707 8.582253e+05 0.0100000
2.29          NA        NA         NA           NA        NA
2.21   36.187336 398.81332 0.43745896 2.502678e+05 3.7996934
3.33   22.553774 150.44371 0.21509625 1.163104e+03 0.0100000
3.37   14.140235 241.64369 0.10876261 4.269604e+06 0.0100000
3.36   23.368084 228.02803 0.19122723 4.091808e+04 0.0100000
3.31    5.975527 968.32359 0.09597718 7.996169e+12 0.0100000
3.39          NA        NA         NA           NA        NA
3.38    8.922099 610.91759 0.11587982 2.392455e+09 0.0100000
3.32   -4.019613 383.05650 0.12425950 1.341279e+06 0.0100000
3.40    6.258376 511.90614 0.12870922 7.090818e+07 0.3122923
3.34    6.466256 432.16515 0.14001137 3.415162e+06 0.0100000
3.35   14.769614 439.84400 0.20482770 5.863575e+05 0.8491637
4.44   36.781228 159.58226 0.56246460 1.652788e+03 3.6176832
4.45 -299.621222 633.03566 0.03065039 2.524605e+07 0.6670479
4.43   33.322270 199.61505 0.37168015 1.372298e+03 0.7548340
4.41   35.510570 275.22214 0.49334816 6.463699e+05 7.4504356
4.47   32.541959 322.87577 0.39937144 1.417427e+07 7.7632903
4.49  -53.562014 415.34431 0.10136675 4.491803e+06 1.4693056
4.46  -76.019272 490.30510 0.06402398 8.211172e+07 0.1873770
4.50   -1.323218 306.59392 0.12522674 1.859404e+05 0.0100000
4.42  -21.924287 518.20502 0.10895847 1.451150e+08 0.9283716
4.48   -9.829406 563.87302 0.10885402 1.587939e+08 0.0100000
> 
> # . . . . . . . . . . . . . . . . . . . . . . . . . . . . . . . . . . .  #
> 
> fit.Richards.Raw.BP <- function(X, start, lower, upper)
+  {
+   try(nls(weight ~ sSrichards(ExpTime, a, d, b, x50, ny),
+                    ##########
+           lower = lower, upper = upper, algorithm = "port",
+           control = nls.control(warnOnly = TRUE), data = X))
+  }
> 
> fits.Richards.Raw.BP <- fitList(listChicks, FUN = fit.Richards.Raw.BP,
+                             applyFUN2X = myApplyFUN2X, n = 5)
               a         d          b          x50        ny
1.18          NA        NA         NA           NA        NA
1.16   35.846844  53.73499 0.32600707 7.850212e+00 0.0100000
1.15   30.090279  67.86196 0.31157313 8.859566e+00 0.0100000
1.13          NA        NA         NA           NA        NA
1.9    39.090152  97.01260 0.45706785 2.403671e+02 0.9614769
1.20   17.332596 141.69995 0.09590108 1.369975e+05 0.0100000
1.10  -57.898013 217.80694 0.06679558 2.332438e+04 1.3242382
1.8    19.596502 130.09253 0.16134495 8.140114e+02 0.0100000
1.17          NA        NA         NA           NA        NA
1.19          NA        NA         NA           NA        NA
1.4    33.205515 166.31083 0.17163653 1.378626e+05 0.0100000
1.6    37.302418 159.30008 0.38650867 2.974666e+03 0.8329218
1.11   31.717743 180.45320 0.28445744 2.184265e+03 0.0100000
1.3    21.326255 212.54351 0.16367714 1.460231e+05 0.0100000
1.1    25.582402 264.42546 0.13720676 6.622162e+06 0.0100000
1.12   37.569115 217.96912 0.24180708 5.378570e+05 0.5726666
1.2     5.586864 267.86246 0.11679568 8.012829e+05 0.0100000
1.5    38.853146 245.10926 0.44204182 1.968553e+05 2.4392976
1.14   22.013084 270.01648 0.20114188 6.417423e+04 0.1680829
1.7    29.356629 503.46178 0.22113609 1.442228e+08 2.3197333
2.24          NA        NA         NA           NA        NA
2.30   16.401279 156.42614 0.14898405 4.275395e+03 0.0100000
2.22          NA        NA         NA           NA        NA
2.23   34.106523 233.21055 0.31886170 8.543999e+05 4.2930113
2.27          NA        NA         NA           NA        NA
2.28   29.286608 353.76144 0.30998638 2.030844e+07 4.9623111
2.26          NA        NA         NA           NA        NA
2.25  -13.970643 346.43689 0.10859707 8.582252e+05 0.0100000
2.29          NA        NA         NA           NA        NA
2.21   36.187336 398.81332 0.43745896 2.502678e+05 3.7996934
3.33   22.553774 150.44371 0.21509625 1.163104e+03 0.0100000
3.37   14.140235 241.64369 0.10876261 4.269604e+06 0.0100000
3.36   23.368084 228.02803 0.19122723 4.091808e+04 0.0100000
3.31    5.975527 968.32359 0.09597718 7.996169e+12 0.0100000
3.39          NA        NA         NA           NA        NA
3.38    8.922099 610.91759 0.11587982 2.392455e+09 0.0100000
3.32   -4.019613 383.05650 0.12425950 1.341279e+06 0.0100000
3.40    6.258376 511.90614 0.12870922 7.090818e+07 0.3122923
3.34    6.466256 432.16515 0.14001137 3.415162e+06 0.0100000
3.35   14.769614 439.84400 0.20482770 5.863575e+05 0.8491637
4.44   36.781228 159.58226 0.56246460 1.652788e+03 3.6176832
4.45 -299.621217 633.03566 0.03065039 2.524606e+07 0.6670479
4.43   33.322270 199.61505 0.37168015 1.372298e+03 0.7548340
4.41   35.510570 275.22214 0.49334816 6.463699e+05 7.4504356
4.47   32.541959 322.87577 0.39937144 1.417427e+07 7.7632903
4.49  -53.562014 415.34431 0.10136675 4.491803e+06 1.4693056
4.46  -76.019272 490.30510 0.06402398 8.211172e+07 0.1873770
4.50   -1.323218 306.59392 0.12522674 1.859404e+05 0.0100000
4.42  -21.924351 518.20414 0.10895836 1.451104e+08 0.9283638
4.48   -9.829406 563.87302 0.10885402 1.587939e+08 0.0100000
> 
> # - - - - - - - - - - - - - - - - - - - - - - - - - - - - - - - - - - -  #
> 
> fit.RichardsLog.BP <- function(X, start, lower, upper)
+  {
+   try(nls(weight ~ SSrichardsLog(Time, a, d, xmid, scal, ny),
+                    #############
+           lower = lower, upper = upper, algorithm = "port",
+           control = nls.control(warnOnly = TRUE), data = X))
+  }
> 
> fits.RichardsLog.BP <- fitList(listChicks, FUN = fit.RichardsLog.BP,
+                                applyFUN2X = myApplyFUN2XLog, n = 5)
    weight Time Chick Diet  ExpTime
195     39    0    18    1 1.000000
196     35    2    18    1 7.389056
    weight Time Chick Diet      ExpTime
144     41    0    13    1 1.000000e+00
145     48    2    13    1 7.389056e+00
146     53    4    13    1 5.459815e+01
147     60    6    13    1 4.034288e+02
148     65    8    13    1 2.980958e+03
149     67   10    13    1 2.202647e+04
150     71   12    13    1 1.627548e+05
151     70   14    13    1 1.202604e+06
152     71   16    13    1 8.886111e+06
153     81   18    13    1 6.565997e+07
154     91   20    13    1 4.851652e+08
155     96   21    13    1 1.318816e+09
    weight Time Chick Diet      ExpTime
183     42    0    17    1 1.000000e+00
184     51    2    17    1 7.389056e+00
185     61    4    17    1 5.459815e+01
186     72    6    17    1 4.034288e+02
187     83    8    17    1 2.980958e+03
188     89   10    17    1 2.202647e+04
189     98   12    17    1 1.627548e+05
190    103   14    17    1 1.202604e+06
191    113   16    17    1 8.886111e+06
192    123   18    17    1 6.565997e+07
193    133   20    17    1 4.851652e+08
194    142   21    17    1 1.318816e+09
    weight Time Chick Diet      ExpTime
197     43    0    19    1 1.000000e+00
198     48    2    19    1 7.389056e+00
199     55    4    19    1 5.459815e+01
200     62    6    19    1 4.034288e+02
201     65    8    19    1 2.980958e+03
202     71   10    19    1 2.202647e+04
203     82   12    19    1 1.627548e+05
204     88   14    19    1 1.202604e+06
205    106   16    19    1 8.886111e+06
206    120   18    19    1 6.565997e+07
207    144   20    19    1 4.851652e+08
208    157   21    19    1 1.318816e+09
    weight Time Chick Diet      ExpTime
257     42    0    24    2 1.000000e+00
258     52    2    24    2 7.389056e+00
259     58    4    24    2 5.459815e+01
260     74    6    24    2 4.034288e+02
261     66    8    24    2 2.980958e+03
262     68   10    24    2 2.202647e+04
263     70   12    24    2 1.627548e+05
264     71   14    24    2 1.202604e+06
265     72   16    24    2 8.886111e+06
266     72   18    24    2 6.565997e+07
267     76   20    24    2 4.851652e+08
268     74   21    24    2 1.318816e+09
    weight Time Chick Diet      ExpTime
233     41    0    22    2 1.000000e+00
234     55    2    22    2 7.389056e+00
235     64    4    22    2 5.459815e+01
236     77    6    22    2 4.034288e+02
237     90    8    22    2 2.980958e+03
238     95   10    22    2 2.202647e+04
239    108   12    22    2 1.627548e+05
240    111   14    22    2 1.202604e+06
241    131   16    22    2 8.886111e+06
242    148   18    22    2 6.565997e+07
243    164   20    22    2 4.851652e+08
244    167   21    22    2 1.318816e+09
    weight Time Chick Diet      ExpTime
293     39    0    27    2 1.000000e+00
294     46    2    27    2 7.389056e+00
295     58    4    27    2 5.459815e+01
296     73    6    27    2 4.034288e+02
297     87    8    27    2 2.980958e+03
298    100   10    27    2 2.202647e+04
299    115   12    27    2 1.627548e+05
300    123   14    27    2 1.202604e+06
301    144   16    27    2 8.886111e+06
302    163   18    27    2 6.565997e+07
303    185   20    27    2 4.851652e+08
304    192   21    27    2 1.318816e+09
    weight Time Chick Diet      ExpTime
281     42    0    26    2 1.000000e+00
282     48    2    26    2 7.389056e+00
283     57    4    26    2 5.459815e+01
284     74    6    26    2 4.034288e+02
285     93    8    26    2 2.980958e+03
286    114   10    26    2 2.202647e+04
287    136   12    26    2 1.627548e+05
288    147   14    26    2 1.202604e+06
289    169   16    26    2 8.886111e+06
290    205   18    26    2 6.565997e+07
291    236   20    26    2 4.851652e+08
292    251   21    26    2 1.318816e+09
    weight Time Chick Diet      ExpTime
317     39    0    29    2 1.000000e+00
318     48    2    29    2 7.389056e+00
319     59    4    29    2 5.459815e+01
320     74    6    29    2 4.034288e+02
321     87    8    29    2 2.980958e+03
322    106   10    29    2 2.202647e+04
323    134   12    29    2 1.627548e+05
324    150   14    29    2 1.202604e+06
325    187   16    29    2 8.886111e+06
326    230   18    29    2 6.565997e+07
327    279   20    29    2 4.851652e+08
328    309   21    29    2 1.318816e+09
    weight Time Chick Diet      ExpTime
437     42    0    39    3 1.000000e+00
438     50    2    39    3 7.389056e+00
439     61    4    39    3 5.459815e+01
440     78    6    39    3 4.034288e+02
441     89    8    39    3 2.980958e+03
442    109   10    39    3 2.202647e+04
443    130   12    39    3 1.627548e+05
444    146   14    39    3 1.202604e+06
445    170   16    39    3 8.886111e+06
446    214   18    39    3 6.565997e+07
447    250   20    39    3 4.851652e+08
448    272   21    39    3 1.318816e+09
               a         d      xmid      scal        ny
1.18          NA        NA        NA        NA        NA
1.16   35.847106  53.73498  2.060612  3.067350 0.0100000
1.15   30.090261  67.86196  2.181495  3.209522 0.0100000
1.13          NA        NA        NA        NA        NA
1.9    39.090031  97.01253  5.482165  2.187906 0.9614098
1.20   17.332605 141.69993 11.827718 10.427409 0.0100000
1.10   16.904558 221.55420 20.000000  4.577866 6.4588314
1.8    19.596539 130.09252  6.701977  6.197897 0.0100000
1.17          NA        NA        NA        NA        NA
1.19          NA        NA        NA        NA        NA
1.4    33.205538 166.31082 11.834014  5.826263 0.0100000
1.6    37.302431 159.30009  7.997887  2.587262 0.8329243
1.11   31.717741 180.45320  7.689035  3.515465 0.0100000
1.3    21.326254 212.54351 11.891520  6.109589 0.0100000
1.1    25.582402 264.42546 15.705933  7.288271 0.0100000
1.12   37.569122 217.96912 13.195348  4.135527 0.5726672
1.2     5.586862 267.86246 13.593969  8.561960 0.0100000
1.5    38.853145 245.10925 12.190224  2.262229 2.4392975
1.14   22.013085 270.01648 11.069357  4.971615 0.1680830
1.7    29.995963 534.30840 19.676271  4.405543 2.7807526
2.24          NA        NA        NA        NA        NA
2.30   16.401281 156.42614  8.360632  6.712128 0.0100000
2.22          NA        NA        NA        NA        NA
2.23   34.119989 233.30139 13.666067  3.133743 4.3013850
2.27          NA        NA        NA        NA        NA
2.28   30.740902 378.47913 18.232394  2.984283 6.2506504
2.26          NA        NA        NA        NA        NA
2.25  -13.970637 346.43687 13.662621  9.208351 0.0100000
2.29          NA        NA        NA        NA        NA
2.21   36.187338 398.81332 12.430287  2.285929 3.7996936
3.33   22.553792 150.44371  7.058849  4.649081 0.0100000
3.37   14.140228 241.64371 15.267033  9.194337 0.0100000
3.36   23.368077 228.02803 10.619327  5.229382 0.0100000
3.31   18.079336 454.73873 20.000000  8.371758 0.0100000
3.39          NA        NA        NA        NA        NA
3.38   12.607426 532.88493 20.000000  8.141915 0.0100000
3.32   -4.019613 383.05649 14.109134  8.047674 0.0100000
3.40    6.258357 511.90545 18.076879  7.769455 0.3122883
3.34    6.466268 432.16511 15.043735  7.142276 0.0100000
3.35   14.770053 439.84651 13.281747  4.882107 0.8492099
4.44   36.781237 159.58227  7.410220  1.777889 3.6176861
4.45 -246.496489 626.88533 20.000000 26.829916 1.0841237
4.43   33.322269 199.61505  7.224242  2.690486 0.7548338
4.41   35.510599 275.22224 13.379136  2.026962 7.4504569
4.47   33.507883 335.04980 17.393750  2.358916 8.9077013
4.49  -22.744105 477.88924 20.000000  6.949955 3.4812769
4.46  -72.958524 529.58187 20.000000 15.096665 0.4099421
4.50   -1.323216 306.59392 12.133182  7.985515 0.0100000
4.42  -19.427879 551.91820 20.000000  8.840969 1.2455322
4.48  -10.589848 572.79031 19.074096  9.266812 0.0100000
> 
> # . . . . . . . . . . . . . . . . . . . . . . . . . . . . . . . . . . .  #
> 
> fit.RichardsLog.Raw.BP <- function(X, start, lower, upper)
+  {
+   try(nls(weight ~ sSrichardsLog(Time, a, d, xmid, scal, ny),
+                    #############
+           lower = lower, upper = upper, algorithm = "port",
+           control = nls.control(warnOnly = TRUE), data = X))
+  }
> 
> fits.RichardsLog.Raw.BP <- fitList(listChicks, FUN = fit.RichardsLog.Raw.BP,
+                                applyFUN2X = myApplyFUN2XLog, n = 5)
    weight Time Chick Diet  ExpTime
195     39    0    18    1 1.000000
196     35    2    18    1 7.389056
    weight Time Chick Diet      ExpTime
144     41    0    13    1 1.000000e+00
145     48    2    13    1 7.389056e+00
146     53    4    13    1 5.459815e+01
147     60    6    13    1 4.034288e+02
148     65    8    13    1 2.980958e+03
149     67   10    13    1 2.202647e+04
150     71   12    13    1 1.627548e+05
151     70   14    13    1 1.202604e+06
152     71   16    13    1 8.886111e+06
153     81   18    13    1 6.565997e+07
154     91   20    13    1 4.851652e+08
155     96   21    13    1 1.318816e+09
    weight Time Chick Diet      ExpTime
183     42    0    17    1 1.000000e+00
184     51    2    17    1 7.389056e+00
185     61    4    17    1 5.459815e+01
186     72    6    17    1 4.034288e+02
187     83    8    17    1 2.980958e+03
188     89   10    17    1 2.202647e+04
189     98   12    17    1 1.627548e+05
190    103   14    17    1 1.202604e+06
191    113   16    17    1 8.886111e+06
192    123   18    17    1 6.565997e+07
193    133   20    17    1 4.851652e+08
194    142   21    17    1 1.318816e+09
    weight Time Chick Diet      ExpTime
197     43    0    19    1 1.000000e+00
198     48    2    19    1 7.389056e+00
199     55    4    19    1 5.459815e+01
200     62    6    19    1 4.034288e+02
201     65    8    19    1 2.980958e+03
202     71   10    19    1 2.202647e+04
203     82   12    19    1 1.627548e+05
204     88   14    19    1 1.202604e+06
205    106   16    19    1 8.886111e+06
206    120   18    19    1 6.565997e+07
207    144   20    19    1 4.851652e+08
208    157   21    19    1 1.318816e+09
    weight Time Chick Diet      ExpTime
257     42    0    24    2 1.000000e+00
258     52    2    24    2 7.389056e+00
259     58    4    24    2 5.459815e+01
260     74    6    24    2 4.034288e+02
261     66    8    24    2 2.980958e+03
262     68   10    24    2 2.202647e+04
263     70   12    24    2 1.627548e+05
264     71   14    24    2 1.202604e+06
265     72   16    24    2 8.886111e+06
266     72   18    24    2 6.565997e+07
267     76   20    24    2 4.851652e+08
268     74   21    24    2 1.318816e+09
    weight Time Chick Diet      ExpTime
233     41    0    22    2 1.000000e+00
234     55    2    22    2 7.389056e+00
235     64    4    22    2 5.459815e+01
236     77    6    22    2 4.034288e+02
237     90    8    22    2 2.980958e+03
238     95   10    22    2 2.202647e+04
239    108   12    22    2 1.627548e+05
240    111   14    22    2 1.202604e+06
241    131   16    22    2 8.886111e+06
242    148   18    22    2 6.565997e+07
243    164   20    22    2 4.851652e+08
244    167   21    22    2 1.318816e+09
    weight Time Chick Diet      ExpTime
293     39    0    27    2 1.000000e+00
294     46    2    27    2 7.389056e+00
295     58    4    27    2 5.459815e+01
296     73    6    27    2 4.034288e+02
297     87    8    27    2 2.980958e+03
298    100   10    27    2 2.202647e+04
299    115   12    27    2 1.627548e+05
300    123   14    27    2 1.202604e+06
301    144   16    27    2 8.886111e+06
302    163   18    27    2 6.565997e+07
303    185   20    27    2 4.851652e+08
304    192   21    27    2 1.318816e+09
    weight Time Chick Diet      ExpTime
281     42    0    26    2 1.000000e+00
282     48    2    26    2 7.389056e+00
283     57    4    26    2 5.459815e+01
284     74    6    26    2 4.034288e+02
285     93    8    26    2 2.980958e+03
286    114   10    26    2 2.202647e+04
287    136   12    26    2 1.627548e+05
288    147   14    26    2 1.202604e+06
289    169   16    26    2 8.886111e+06
290    205   18    26    2 6.565997e+07
291    236   20    26    2 4.851652e+08
292    251   21    26    2 1.318816e+09
    weight Time Chick Diet      ExpTime
317     39    0    29    2 1.000000e+00
318     48    2    29    2 7.389056e+00
319     59    4    29    2 5.459815e+01
320     74    6    29    2 4.034288e+02
321     87    8    29    2 2.980958e+03
322    106   10    29    2 2.202647e+04
323    134   12    29    2 1.627548e+05
324    150   14    29    2 1.202604e+06
325    187   16    29    2 8.886111e+06
326    230   18    29    2 6.565997e+07
327    279   20    29    2 4.851652e+08
328    309   21    29    2 1.318816e+09
    weight Time Chick Diet      ExpTime
437     42    0    39    3 1.000000e+00
438     50    2    39    3 7.389056e+00
439     61    4    39    3 5.459815e+01
440     78    6    39    3 4.034288e+02
441     89    8    39    3 2.980958e+03
442    109   10    39    3 2.202647e+04
443    130   12    39    3 1.627548e+05
444    146   14    39    3 1.202604e+06
445    170   16    39    3 8.886111e+06
446    214   18    39    3 6.565997e+07
447    250   20    39    3 4.851652e+08
448    272   21    39    3 1.318816e+09
               a         d      xmid      scal        ny
1.18          NA        NA        NA        NA        NA
1.16   35.847106  53.73498  2.060612  3.067350 0.0100000
1.15   30.090261  67.86196  2.181495  3.209522 0.0100000
1.13          NA        NA        NA        NA        NA
1.9    39.090031  97.01253  5.482165  2.187906 0.9614098
1.20   17.332605 141.69993 11.827718 10.427409 0.0100000
1.10   16.904908 221.55383 20.000000  4.577822 6.4588802
1.8    19.596539 130.09252  6.701977  6.197897 0.0100000
1.17          NA        NA        NA        NA        NA
1.19          NA        NA        NA        NA        NA
1.4    33.205538 166.31082 11.834014  5.826263 0.0100000
1.6    37.302431 159.30009  7.997887  2.587262 0.8329243
1.11   31.717741 180.45320  7.689035  3.515465 0.0100000
1.3    21.326254 212.54351 11.891520  6.109589 0.0100000
1.1    25.582402 264.42546 15.705933  7.288271 0.0100000
1.12   37.569122 217.96912 13.195348  4.135527 0.5726672
1.2     5.586864 267.86246 13.593969  8.561960 0.0100000
1.5    38.853145 245.10925 12.190224  2.262229 2.4392975
1.14   22.013085 270.01648 11.069357  4.971615 0.1680830
1.7    29.995963 534.30840 19.676271  4.405543 2.7807526
2.24          NA        NA        NA        NA        NA
2.30   16.401281 156.42614  8.360632  6.712128 0.0100000
2.22          NA        NA        NA        NA        NA
2.23   34.119989 233.30139 13.666067  3.133743 4.3013850
2.27          NA        NA        NA        NA        NA
2.28   30.740902 378.47913 18.232394  2.984283 6.2506504
2.26          NA        NA        NA        NA        NA
2.25  -13.970637 346.43687 13.662621  9.208351 0.0100000
2.29          NA        NA        NA        NA        NA
2.21   36.187338 398.81332 12.430287  2.285929 3.7996936
3.33   22.553792 150.44371  7.058849  4.649081 0.0100000
3.37   14.140228 241.64371 15.267033  9.194337 0.0100000
3.36   23.368077 228.02803 10.619327  5.229382 0.0100000
3.31   18.079336 454.73873 20.000000  8.371758 0.0100000
3.39          NA        NA        NA        NA        NA
3.38   12.607426 532.88493 20.000000  8.141915 0.0100000
3.32   -4.019613 383.05649 14.109134  8.047674 0.0100000
3.40    6.258357 511.90545 18.076879  7.769455 0.3122883
3.34    6.466268 432.16511 15.043735  7.142276 0.0100000
3.35   14.770053 439.84651 13.281747  4.882107 0.8492099
4.44   36.781237 159.58227  7.410220  1.777889 3.6176861
4.45 -246.496483 626.88532 20.000000 26.829916 1.0841237
4.43   33.322269 199.61505  7.224242  2.690486 0.7548338
4.41   35.510599 275.22224 13.379136  2.026962 7.4504569
4.47   33.507883 335.04980 17.393750  2.358916 8.9077013
4.49  -22.744105 477.88924 20.000000  6.949955 3.4812769
4.46  -72.958524 529.58187 20.000000 15.096665 0.4099421
4.50   -1.323216 306.59392 12.133182  7.985515 0.0100000
4.42  -19.427879 551.91820 20.000000  8.840969 1.2455322
4.48  -10.589848 572.79031 19.074096  9.266812 0.0100000
> 
> # - - - - - - - - - - - - - - - - - - - - - - - - - - - - - - - - - - -  #
> 
> fit.RichardsLogBM.C.BP <- function(X, start, lower, upper)
+  {
+   try(nls(weight ~ SSrichardsLogBM(Time, a, d, xmid, b, m), # start = start, 
+                    ###############
+           lower = lower, upper = upper, algorithm = "port",
+           control = nls.control(warnOnly = TRUE), data = X))
+  }
> 
> fits.RichardsLogBM.C.BP <- fitList(listChicks, FUN = fit.RichardsLogBM.C.BP, n = 5,
+             start = list(a =    25, d =  200, xmid =   1.00, b =   1.0, m =  1/1),
+             lower = list(a = -2000, d =    5, xmid =   0.02, b =   0.0, m = -999),
+             upper = list(a =    50, d = 1500, xmid =  20.00, b = 100.0, m =  999),
+                               applyFUN2X = myApplyFUN2XLog)
    weight Time Chick Diet  ExpTime
195     39    0    18    1 1.000000
196     35    2    18    1 7.389056
    weight Time Chick Diet      ExpTime
144     41    0    13    1 1.000000e+00
145     48    2    13    1 7.389056e+00
146     53    4    13    1 5.459815e+01
147     60    6    13    1 4.034288e+02
148     65    8    13    1 2.980958e+03
149     67   10    13    1 2.202647e+04
150     71   12    13    1 1.627548e+05
151     70   14    13    1 1.202604e+06
152     71   16    13    1 8.886111e+06
153     81   18    13    1 6.565997e+07
154     91   20    13    1 4.851652e+08
155     96   21    13    1 1.318816e+09
    weight Time Chick Diet      ExpTime
183     42    0    17    1 1.000000e+00
184     51    2    17    1 7.389056e+00
185     61    4    17    1 5.459815e+01
186     72    6    17    1 4.034288e+02
187     83    8    17    1 2.980958e+03
188     89   10    17    1 2.202647e+04
189     98   12    17    1 1.627548e+05
190    103   14    17    1 1.202604e+06
191    113   16    17    1 8.886111e+06
192    123   18    17    1 6.565997e+07
193    133   20    17    1 4.851652e+08
194    142   21    17    1 1.318816e+09
    weight Time Chick Diet      ExpTime
197     43    0    19    1 1.000000e+00
198     48    2    19    1 7.389056e+00
199     55    4    19    1 5.459815e+01
200     62    6    19    1 4.034288e+02
201     65    8    19    1 2.980958e+03
202     71   10    19    1 2.202647e+04
203     82   12    19    1 1.627548e+05
204     88   14    19    1 1.202604e+06
205    106   16    19    1 8.886111e+06
206    120   18    19    1 6.565997e+07
207    144   20    19    1 4.851652e+08
208    157   21    19    1 1.318816e+09
    weight Time Chick Diet      ExpTime
257     42    0    24    2 1.000000e+00
258     52    2    24    2 7.389056e+00
259     58    4    24    2 5.459815e+01
260     74    6    24    2 4.034288e+02
261     66    8    24    2 2.980958e+03
262     68   10    24    2 2.202647e+04
263     70   12    24    2 1.627548e+05
264     71   14    24    2 1.202604e+06
265     72   16    24    2 8.886111e+06
266     72   18    24    2 6.565997e+07
267     76   20    24    2 4.851652e+08
268     74   21    24    2 1.318816e+09
    weight Time Chick Diet      ExpTime
233     41    0    22    2 1.000000e+00
234     55    2    22    2 7.389056e+00
235     64    4    22    2 5.459815e+01
236     77    6    22    2 4.034288e+02
237     90    8    22    2 2.980958e+03
238     95   10    22    2 2.202647e+04
239    108   12    22    2 1.627548e+05
240    111   14    22    2 1.202604e+06
241    131   16    22    2 8.886111e+06
242    148   18    22    2 6.565997e+07
243    164   20    22    2 4.851652e+08
244    167   21    22    2 1.318816e+09
    weight Time Chick Diet      ExpTime
293     39    0    27    2 1.000000e+00
294     46    2    27    2 7.389056e+00
295     58    4    27    2 5.459815e+01
296     73    6    27    2 4.034288e+02
297     87    8    27    2 2.980958e+03
298    100   10    27    2 2.202647e+04
299    115   12    27    2 1.627548e+05
300    123   14    27    2 1.202604e+06
301    144   16    27    2 8.886111e+06
302    163   18    27    2 6.565997e+07
303    185   20    27    2 4.851652e+08
304    192   21    27    2 1.318816e+09
    weight Time Chick Diet      ExpTime
281     42    0    26    2 1.000000e+00
282     48    2    26    2 7.389056e+00
283     57    4    26    2 5.459815e+01
284     74    6    26    2 4.034288e+02
285     93    8    26    2 2.980958e+03
286    114   10    26    2 2.202647e+04
287    136   12    26    2 1.627548e+05
288    147   14    26    2 1.202604e+06
289    169   16    26    2 8.886111e+06
290    205   18    26    2 6.565997e+07
291    236   20    26    2 4.851652e+08
292    251   21    26    2 1.318816e+09
    weight Time Chick Diet      ExpTime
317     39    0    29    2 1.000000e+00
318     48    2    29    2 7.389056e+00
319     59    4    29    2 5.459815e+01
320     74    6    29    2 4.034288e+02
321     87    8    29    2 2.980958e+03
322    106   10    29    2 2.202647e+04
323    134   12    29    2 1.627548e+05
324    150   14    29    2 1.202604e+06
325    187   16    29    2 8.886111e+06
326    230   18    29    2 6.565997e+07
327    279   20    29    2 4.851652e+08
328    309   21    29    2 1.318816e+09
    weight Time Chick Diet      ExpTime
437     42    0    39    3 1.000000e+00
438     50    2    39    3 7.389056e+00
439     61    4    39    3 5.459815e+01
440     78    6    39    3 4.034288e+02
441     89    8    39    3 2.980958e+03
442    109   10    39    3 2.202647e+04
443    130   12    39    3 1.627548e+05
444    146   14    39    3 1.202604e+06
445    170   16    39    3 8.886111e+06
446    214   18    39    3 6.565997e+07
447    250   20    39    3 4.851652e+08
448    272   21    39    3 1.318816e+09
               a         d      xmid          b           m
1.18          NA        NA        NA         NA          NA
1.16   35.903077  53.73533  2.074951 0.32866713  54.7775270
1.15   29.948559  67.85976  2.162905 0.30869830 999.0000000
1.13          NA        NA        NA         NA          NA
1.9    39.090136  97.01253  5.482172 0.45706184   1.0401251
1.20   17.305804 141.36198 11.783708 0.09573410 999.0000000
1.10   -4.453586 240.92427 19.656109 0.13981077   0.2209187
1.8    19.369344 130.05388  6.680285 0.16026307 999.0000000
1.17          NA        NA        NA         NA          NA
1.19          NA        NA        NA         NA          NA
1.4    33.176040 166.11623 11.821402 0.17123506 999.0000000
1.6    37.302432 159.30009  7.997888 0.38650907   1.2005891
1.11   31.555915 180.43839  7.684032 0.28278852 999.0000000
1.3    21.236191 212.28175 11.876369 0.16317259 999.0000000
1.1    25.553151 263.64484 15.670079 0.13703386 999.0000000
1.12   37.569119 217.96915 13.195349 0.24180716   1.7462125
1.2     5.512291 267.18000 13.558418 0.11656844 999.0000000
1.5    38.853139 245.10923 12.190223 0.44204157   0.4099546
1.14   22.013086 270.01648 11.069357 0.20114189   5.9494402
1.7    29.995968 534.30862 19.676277 0.22698683   0.3596144
2.24          NA        NA        NA         NA          NA
2.30   16.214669 156.33953  8.342410 0.14819808 999.0000000
2.22          NA        NA        NA         NA          NA
2.23   34.119841 233.30067 13.666005 0.31910448   0.2324876
2.27          NA        NA        NA         NA          NA
2.28   30.740868 378.47862 18.232364 0.33508822   0.1599841
2.26          NA        NA        NA         NA          NA
2.25  -14.055456 345.59643 13.628535 0.10842372 376.4549944
2.29          NA        NA        NA         NA          NA
2.21   36.187338 398.81334 12.430288 0.43745902   0.2631790
3.33   22.345781 150.42405  7.047292 0.21371205 999.0000000
3.37   14.136954 240.75575 15.214503 0.10868283 999.0000000
3.36   23.230660 227.89783 10.611221 0.19043614 999.0000000
3.31   17.936953 454.88101 20.000000 0.11909934 999.0000000
3.39          NA        NA        NA         NA          NA
3.38   12.440865 533.04911 20.000000 0.12246225 999.0000000
3.32   -4.101396 381.97917 14.074402 0.12404999 999.0000000
3.40    6.426689 518.15236 18.235328 0.12917887   2.8660830
3.34    6.435945 430.76566 15.008879 0.13986155 999.0000000
3.35   14.770054 439.84652 13.281747 0.20482959   1.1775651
4.44   36.781233 159.58227  7.410219 0.56246481   0.2764199
4.45 -235.211088 615.58644 20.000000 0.03885675   0.8772402
4.43   33.322269 199.61505  7.224242 0.37168013   1.3247948
4.41   35.510363 275.22145 13.379069 0.49334179   0.1342230
4.47   33.508037 335.05117 17.393859 0.42392753   0.1122604
4.49  -22.743982 477.88911 20.000000 0.14388602   0.2872505
4.46  -72.958586 529.58193 20.000000 0.06623976   2.4393747
4.50   -1.456132 305.97431 12.105464 0.12490560 999.0000000
4.42  -19.427830 551.91815 20.000000 0.11310984   0.8028683
4.48  -10.607702 569.99164 19.009055 0.10785393 999.0000000
> 
> # . . . . . . . . . . . . . . . . . . . . . . . . . . . . . . . . . . .  #
> 
> fit.RichardsLogBM.Raw.C.BP <- function(X, start, lower, upper)
+  {
+   try(nls(weight ~ sSrichardsLogBM(
+                    ###############
+           Time, a, d, xmid, b, m), # start = start, 
+           lower = lower, upper = upper, algorithm = "port",
+           control = nls.control(warnOnly = TRUE), data = X))
+  }
> 
> fits.RichardsLogBM.Raw.C.BP <- fitList(listChicks, FUN = fit.RichardsLogBM.Raw.C.BP, n = 5,
+             start = list(a =    25, d =  200, xmid =   1.00, b =   1.0, m =  1/1),
+             lower = list(a = -2000, d =    5, xmid =   0.02, b =   0.0, m = -999),
+             upper = list(a =    50, d = 1500, xmid =  20.00, b = 100.0, m =  999),
+                               applyFUN2X = myApplyFUN2XLog)
    weight Time Chick Diet  ExpTime
195     39    0    18    1 1.000000
196     35    2    18    1 7.389056
    weight Time Chick Diet      ExpTime
144     41    0    13    1 1.000000e+00
145     48    2    13    1 7.389056e+00
146     53    4    13    1 5.459815e+01
147     60    6    13    1 4.034288e+02
148     65    8    13    1 2.980958e+03
149     67   10    13    1 2.202647e+04
150     71   12    13    1 1.627548e+05
151     70   14    13    1 1.202604e+06
152     71   16    13    1 8.886111e+06
153     81   18    13    1 6.565997e+07
154     91   20    13    1 4.851652e+08
155     96   21    13    1 1.318816e+09
    weight Time Chick Diet      ExpTime
183     42    0    17    1 1.000000e+00
184     51    2    17    1 7.389056e+00
185     61    4    17    1 5.459815e+01
186     72    6    17    1 4.034288e+02
187     83    8    17    1 2.980958e+03
188     89   10    17    1 2.202647e+04
189     98   12    17    1 1.627548e+05
190    103   14    17    1 1.202604e+06
191    113   16    17    1 8.886111e+06
192    123   18    17    1 6.565997e+07
193    133   20    17    1 4.851652e+08
194    142   21    17    1 1.318816e+09
    weight Time Chick Diet      ExpTime
197     43    0    19    1 1.000000e+00
198     48    2    19    1 7.389056e+00
199     55    4    19    1 5.459815e+01
200     62    6    19    1 4.034288e+02
201     65    8    19    1 2.980958e+03
202     71   10    19    1 2.202647e+04
203     82   12    19    1 1.627548e+05
204     88   14    19    1 1.202604e+06
205    106   16    19    1 8.886111e+06
206    120   18    19    1 6.565997e+07
207    144   20    19    1 4.851652e+08
208    157   21    19    1 1.318816e+09
    weight Time Chick Diet      ExpTime
257     42    0    24    2 1.000000e+00
258     52    2    24    2 7.389056e+00
259     58    4    24    2 5.459815e+01
260     74    6    24    2 4.034288e+02
261     66    8    24    2 2.980958e+03
262     68   10    24    2 2.202647e+04
263     70   12    24    2 1.627548e+05
264     71   14    24    2 1.202604e+06
265     72   16    24    2 8.886111e+06
266     72   18    24    2 6.565997e+07
267     76   20    24    2 4.851652e+08
268     74   21    24    2 1.318816e+09
    weight Time Chick Diet      ExpTime
233     41    0    22    2 1.000000e+00
234     55    2    22    2 7.389056e+00
235     64    4    22    2 5.459815e+01
236     77    6    22    2 4.034288e+02
237     90    8    22    2 2.980958e+03
238     95   10    22    2 2.202647e+04
239    108   12    22    2 1.627548e+05
240    111   14    22    2 1.202604e+06
241    131   16    22    2 8.886111e+06
242    148   18    22    2 6.565997e+07
243    164   20    22    2 4.851652e+08
244    167   21    22    2 1.318816e+09
    weight Time Chick Diet      ExpTime
293     39    0    27    2 1.000000e+00
294     46    2    27    2 7.389056e+00
295     58    4    27    2 5.459815e+01
296     73    6    27    2 4.034288e+02
297     87    8    27    2 2.980958e+03
298    100   10    27    2 2.202647e+04
299    115   12    27    2 1.627548e+05
300    123   14    27    2 1.202604e+06
301    144   16    27    2 8.886111e+06
302    163   18    27    2 6.565997e+07
303    185   20    27    2 4.851652e+08
304    192   21    27    2 1.318816e+09
    weight Time Chick Diet      ExpTime
281     42    0    26    2 1.000000e+00
282     48    2    26    2 7.389056e+00
283     57    4    26    2 5.459815e+01
284     74    6    26    2 4.034288e+02
285     93    8    26    2 2.980958e+03
286    114   10    26    2 2.202647e+04
287    136   12    26    2 1.627548e+05
288    147   14    26    2 1.202604e+06
289    169   16    26    2 8.886111e+06
290    205   18    26    2 6.565997e+07
291    236   20    26    2 4.851652e+08
292    251   21    26    2 1.318816e+09
    weight Time Chick Diet      ExpTime
317     39    0    29    2 1.000000e+00
318     48    2    29    2 7.389056e+00
319     59    4    29    2 5.459815e+01
320     74    6    29    2 4.034288e+02
321     87    8    29    2 2.980958e+03
322    106   10    29    2 2.202647e+04
323    134   12    29    2 1.627548e+05
324    150   14    29    2 1.202604e+06
325    187   16    29    2 8.886111e+06
326    230   18    29    2 6.565997e+07
327    279   20    29    2 4.851652e+08
328    309   21    29    2 1.318816e+09
    weight Time Chick Diet      ExpTime
365     39    0    33    3 1.000000e+00
366     50    2    33    3 7.389056e+00
367     63    4    33    3 5.459815e+01
368     77    6    33    3 4.034288e+02
369     96    8    33    3 2.980958e+03
370    111   10    33    3 2.202647e+04
371    137   12    33    3 1.627548e+05
372    144   14    33    3 1.202604e+06
373    151   16    33    3 8.886111e+06
374    146   18    33    3 6.565997e+07
375    156   20    33    3 4.851652e+08
376    147   21    33    3 1.318816e+09
    weight Time Chick Diet      ExpTime
437     42    0    39    3 1.000000e+00
438     50    2    39    3 7.389056e+00
439     61    4    39    3 5.459815e+01
440     78    6    39    3 4.034288e+02
441     89    8    39    3 2.980958e+03
442    109   10    39    3 2.202647e+04
443    130   12    39    3 1.627548e+05
444    146   14    39    3 1.202604e+06
445    170   16    39    3 8.886111e+06
446    214   18    39    3 6.565997e+07
447    250   20    39    3 4.851652e+08
448    272   21    39    3 1.318816e+09
               a         d      xmid          b           m
1.18          NA        NA        NA         NA          NA
1.16   35.903077  53.73533  2.074951 0.32866713  54.7775271
1.15   29.948559  67.85976  2.162905 0.30869830 999.0000000
1.13          NA        NA        NA         NA          NA
1.9    39.090136  97.01253  5.482172 0.45706184   1.0401251
1.20   17.305804 141.36198 11.783708 0.09573410 999.0000000
1.10   -4.453506 240.92428 19.656121 0.13981097   0.2209183
1.8    19.369344 130.05388  6.680285 0.16026307 999.0000000
1.17          NA        NA        NA         NA          NA
1.19          NA        NA        NA         NA          NA
1.4    33.176040 166.11623 11.821402 0.17123506 999.0000000
1.6    37.302432 159.30009  7.997888 0.38650907   1.2005891
1.11   31.555915 180.43839  7.684032 0.28278852 999.0000000
1.3    21.236191 212.28175 11.876369 0.16317259 999.0000000
1.1    25.553151 263.64484 15.670079 0.13703386 999.0000000
1.12   37.569119 217.96915 13.195349 0.24180716   1.7462125
1.2     5.512291 267.18000 13.558418 0.11656844 999.0000000
1.5    38.853139 245.10923 12.190223 0.44204157   0.4099546
1.14   22.013086 270.01648 11.069357 0.20114189   5.9494402
1.7    29.995968 534.30862 19.676277 0.22698683   0.3596144
2.24          NA        NA        NA         NA          NA
2.30   16.214669 156.33953  8.342410 0.14819808 999.0000000
2.22          NA        NA        NA         NA          NA
2.23   34.119841 233.30067 13.666005 0.31910448   0.2324876
2.27          NA        NA        NA         NA          NA
2.28   30.740868 378.47862 18.232364 0.33508822   0.1599841
2.26          NA        NA        NA         NA          NA
2.25  -14.055456 345.59643 13.628535 0.10842372 376.4550069
2.29          NA        NA        NA         NA          NA
2.21   36.187338 398.81334 12.430288 0.43745902   0.2631790
3.33          NA        NA        NA         NA          NA
3.37   14.136965 240.75571 15.214502 0.10868285 999.0000000
3.36   23.230660 227.89783 10.611221 0.19043614 999.0000000
3.31   17.936953 454.88101 20.000000 0.11909934 999.0000000
3.39          NA        NA        NA         NA          NA
3.38   12.440865 533.04911 20.000000 0.12246225 999.0000000
3.32   -4.101396 381.97917 14.074402 0.12404999 999.0000000
3.40    6.426689 518.15236 18.235328 0.12917887   2.8660830
3.34    6.435948 430.76565 15.008879 0.13986155 999.0000000
3.35   14.770054 439.84652 13.281747 0.20482959   1.1775651
4.44   36.781233 159.58227  7.410219 0.56246481   0.2764199
4.45 -235.211088 615.58644 20.000000 0.03885675   0.8772402
4.43   33.322269 199.61505  7.224242 0.37168013   1.3247948
4.41   35.510363 275.22145 13.379069 0.49334179   0.1342230
4.47   33.508037 335.05117 17.393859 0.42392753   0.1122604
4.49  -22.743982 477.88911 20.000000 0.14388602   0.2872505
4.46  -72.958586 529.58193 20.000000 0.06623976   2.4393747
4.50   -1.456132 305.97431 12.105464 0.12490560 999.0000000
4.42  -19.427830 551.91815 20.000000 0.11310984   0.8028683
4.48  -10.607706 569.99167 19.009056 0.10785392 999.0000000
> 
> # - - - - - - - - - - - - - - - - - - - - - - - - - - - - - - - - - - -  #
> 
