
R version 2.6.0 RC (2007-09-28 r43016)
Copyright (C) 2007 The R Foundation for Statistical Computing
ISBN 3-900051-07-0

R is free software and comes with ABSOLUTELY NO WARRANTY.
You are welcome to redistribute it under certain conditions.
Type 'license()' or 'licence()' for distribution details.

R is a collaborative project with many contributors.
Type 'contributors()' for more information and
'citation()' on how to cite R or R packages in publications.

Type 'demo()' for some demos, 'help()' for on-line help, or
'help.start()' for an HTML browser interface to help.
Type 'q()' to quit R.

> library(richards)
> 
> library(nlme)
> 
> data(ChickWeight)
> 
> ChickWeight <- cbind(ChickWeight, ExpTime = exp(ChickWeight[,"Time"]))
> 
> groupedChicks <- groupedData(weight ~ ExpTime | Diet / Chick, 
+                              inner = ~ PR, data = ChickWeight)
> 
> listChicks <- split(groupedChicks, list(groupedChicks[,"Diet"],
+                                         groupedChicks[,"Chick"]),
+                     drop = TRUE)
> 
> # - - - - - - - - - - - - - - - - - - - - - - - - - - - - - - - - - - -  #
> 
> Start <- list(a =    25, d =  200, b =  10, x50 =    10, ny =  1)
> Lower <- list(a = -2000, d =    5, b =   0, x50 =     1, ny =  0.01)
> Upper <- list(a =    50, d = 1500, b =  50, x50 = 10^20, ny = 128)
> 
> myApplyFUN2X <- 
+   function(X, FUN, start = Start, lower = Lower, upper = Upper,
+               Report = print, ...) {
+     if (dim(X)[1] > 0) {
+       result <- FUN(X, start, lower, upper)
+       # if (is.null(result) | class(result) == "try-error")
+       #  Report(X)
+       return(result)
+     }
+   }
> 
> 
> # . . . . . . . . . . . . . . . . . . . . . . . . . . . . . . . . . . .  #
> 
> demo(sourceNyExtras)
