
R version 2.6.0 RC (2007-09-28 r43016)
Copyright (C) 2007 The R Foundation for Statistical Computing
ISBN 3-900051-07-0

R is free software and comes with ABSOLUTELY NO WARRANTY.
You are welcome to redistribute it under certain conditions.
Type 'license()' or 'licence()' for distribution details.

R is a collaborative project with many contributors.
Type 'contributors()' for more information and
'citation()' on how to cite R or R packages in publications.

Type 'demo()' for some demos, 'help()' for on-line help, or
'help.start()' for an HTML browser interface to help.
Type 'q()' to quit R.

> 
> library(richards)
> 
> library(nlme)
> 
> data(ChickWeight)
> 
> ChickWeight <- cbind(ChickWeight, ExpTime = exp(ChickWeight[,"Time"]))
> 
> groupedChicks <- groupedData(weight ~ ExpTime | Diet / Chick, 
+                              inner = ~ PR, data = ChickWeight)
> 
> listChicks <- split(groupedChicks, list(groupedChicks[,"Diet"],
+                                         groupedChicks[,"Chick"]),
+                     drop = TRUE)
> 
> fit.RichardsLog.BP <- function(X, start, lower, upper)
+  {
+   try(nls(weight ~ SSrichardsLog(Time, a, d, xmid, scal, ny),
+           lower = lower, upper = upper, algorithm = "port",
+           control = nls.control(warnOnly = TRUE), data = X))
+  }
> 
> fit.FplLog.BP <- function(X, start, lower, upper)
+  {
+   try(nls(weight ~ SSnyFixedLog(1, Time, a, d, xmid, scal),
+           lower = lower, upper = upper, algorithm = "port",
+           control = nls.control(warnOnly = TRUE), data = X))
+  }
> 
> fit.FplLog.D <- function(X, start, lower, upper)
+  {
+   try(nls(weight ~ SSnyFixedLog(1, Time, a, d, xmid, scal),
+           control = nls.control(warnOnly = TRUE), data = X))
+  }
> 
> StartLog <- list(a =    25, d =  200, xmid =     1, scal =  0.1, ny =  1)
> LowerLog <- list(a = -2000, d =    5, xmid =     0, scal =    0, ny =  0.01)
> UpperLog <- list(a =    50, d = 1500, xmid =    20, scal =  100, ny = 128)
> 
> myApplyFUN2XLog <- 
+   function(X, FUN, start = StartLog, lower = LowerLog, upper = UpperLog,
+               Report = print, ...) {
+     if (dim(X)[1] > 0) {
+       result <- FUN(X, start, lower, upper)
+       if (is.null(result) | class(result) == "try-error")
+         Report(X)
+       return(result)
+     }
+   }
> 
> fits.RichardsLog.BP <- fitList(listChicks, FUN = fit.RichardsLog.BP,
+                                applyFUN2X = myApplyFUN2XLog, n = 5)
    weight Time Chick Diet  ExpTime
195     39    0    18    1 1.000000
196     35    2    18    1 7.389056
    weight Time Chick Diet      ExpTime
144     41    0    13    1 1.000000e+00
145     48    2    13    1 7.389056e+00
146     53    4    13    1 5.459815e+01
147     60    6    13    1 4.034288e+02
148     65    8    13    1 2.980958e+03
149     67   10    13    1 2.202647e+04
150     71   12    13    1 1.627548e+05
151     70   14    13    1 1.202604e+06
152     71   16    13    1 8.886111e+06
153     81   18    13    1 6.565997e+07
154     91   20    13    1 4.851652e+08
155     96   21    13    1 1.318816e+09
    weight Time Chick Diet      ExpTime
183     42    0    17    1 1.000000e+00
184     51    2    17    1 7.389056e+00
185     61    4    17    1 5.459815e+01
186     72    6    17    1 4.034288e+02
187     83    8    17    1 2.980958e+03
188     89   10    17    1 2.202647e+04
189     98   12    17    1 1.627548e+05
190    103   14    17    1 1.202604e+06
191    113   16    17    1 8.886111e+06
192    123   18    17    1 6.565997e+07
193    133   20    17    1 4.851652e+08
194    142   21    17    1 1.318816e+09
    weight Time Chick Diet      ExpTime
197     43    0    19    1 1.000000e+00
198     48    2    19    1 7.389056e+00
199     55    4    19    1 5.459815e+01
200     62    6    19    1 4.034288e+02
201     65    8    19    1 2.980958e+03
202     71   10    19    1 2.202647e+04
203     82   12    19    1 1.627548e+05
204     88   14    19    1 1.202604e+06
205    106   16    19    1 8.886111e+06
206    120   18    19    1 6.565997e+07
207    144   20    19    1 4.851652e+08
208    157   21    19    1 1.318816e+09
    weight Time Chick Diet      ExpTime
257     42    0    24    2 1.000000e+00
258     52    2    24    2 7.389056e+00
259     58    4    24    2 5.459815e+01
260     74    6    24    2 4.034288e+02
261     66    8    24    2 2.980958e+03
262     68   10    24    2 2.202647e+04
263     70   12    24    2 1.627548e+05
264     71   14    24    2 1.202604e+06
265     72   16    24    2 8.886111e+06
266     72   18    24    2 6.565997e+07
267     76   20    24    2 4.851652e+08
268     74   21    24    2 1.318816e+09
    weight Time Chick Diet      ExpTime
233     41    0    22    2 1.000000e+00
234     55    2    22    2 7.389056e+00
235     64    4    22    2 5.459815e+01
236     77    6    22    2 4.034288e+02
237     90    8    22    2 2.980958e+03
238     95   10    22    2 2.202647e+04
239    108   12    22    2 1.627548e+05
240    111   14    22    2 1.202604e+06
241    131   16    22    2 8.886111e+06
242    148   18    22    2 6.565997e+07
243    164   20    22    2 4.851652e+08
244    167   21    22    2 1.318816e+09
    weight Time Chick Diet      ExpTime
293     39    0    27    2 1.000000e+00
294     46    2    27    2 7.389056e+00
295     58    4    27    2 5.459815e+01
296     73    6    27    2 4.034288e+02
297     87    8    27    2 2.980958e+03
298    100   10    27    2 2.202647e+04
299    115   12    27    2 1.627548e+05
300    123   14    27    2 1.202604e+06
301    144   16    27    2 8.886111e+06
302    163   18    27    2 6.565997e+07
303    185   20    27    2 4.851652e+08
304    192   21    27    2 1.318816e+09
    weight Time Chick Diet      ExpTime
281     42    0    26    2 1.000000e+00
282     48    2    26    2 7.389056e+00
283     57    4    26    2 5.459815e+01
284     74    6    26    2 4.034288e+02
285     93    8    26    2 2.980958e+03
286    114   10    26    2 2.202647e+04
287    136   12    26    2 1.627548e+05
288    147   14    26    2 1.202604e+06
289    169   16    26    2 8.886111e+06
290    205   18    26    2 6.565997e+07
291    236   20    26    2 4.851652e+08
292    251   21    26    2 1.318816e+09
    weight Time Chick Diet      ExpTime
317     39    0    29    2 1.000000e+00
318     48    2    29    2 7.389056e+00
319     59    4    29    2 5.459815e+01
320     74    6    29    2 4.034288e+02
321     87    8    29    2 2.980958e+03
322    106   10    29    2 2.202647e+04
323    134   12    29    2 1.627548e+05
324    150   14    29    2 1.202604e+06
325    187   16    29    2 8.886111e+06
326    230   18    29    2 6.565997e+07
327    279   20    29    2 4.851652e+08
328    309   21    29    2 1.318816e+09
    weight Time Chick Diet      ExpTime
437     42    0    39    3 1.000000e+00
438     50    2    39    3 7.389056e+00
439     61    4    39    3 5.459815e+01
440     78    6    39    3 4.034288e+02
441     89    8    39    3 2.980958e+03
442    109   10    39    3 2.202647e+04
443    130   12    39    3 1.627548e+05
444    146   14    39    3 1.202604e+06
445    170   16    39    3 8.886111e+06
446    214   18    39    3 6.565997e+07
447    250   20    39    3 4.851652e+08
448    272   21    39    3 1.318816e+09
               a         d      xmid      scal        ny
1.18          NA        NA        NA        NA        NA
1.16   35.847106  53.73498  2.060612  3.067350 0.0100000
1.15   30.090261  67.86196  2.181495  3.209522 0.0100000
1.13          NA        NA        NA        NA        NA
1.9    39.090031  97.01253  5.482165  2.187906 0.9614098
1.20   17.332605 141.69993 11.827718 10.427409 0.0100000
1.10   16.904558 221.55420 20.000000  4.577866 6.4588314
1.8    19.596539 130.09252  6.701977  6.197897 0.0100000
1.17          NA        NA        NA        NA        NA
1.19          NA        NA        NA        NA        NA
1.4    33.205538 166.31082 11.834014  5.826263 0.0100000
1.6    37.302431 159.30009  7.997887  2.587262 0.8329243
1.11   31.717741 180.45320  7.689035  3.515465 0.0100000
1.3    21.326254 212.54351 11.891520  6.109589 0.0100000
1.1    25.582402 264.42546 15.705933  7.288271 0.0100000
1.12   37.569122 217.96912 13.195348  4.135527 0.5726672
1.2     5.586862 267.86246 13.593969  8.561960 0.0100000
1.5    38.853145 245.10925 12.190224  2.262229 2.4392975
1.14   22.013085 270.01648 11.069357  4.971615 0.1680830
1.7    29.995963 534.30840 19.676271  4.405543 2.7807526
2.24          NA        NA        NA        NA        NA
2.30   16.401281 156.42614  8.360632  6.712128 0.0100000
2.22          NA        NA        NA        NA        NA
2.23   34.119989 233.30139 13.666067  3.133743 4.3013850
2.27          NA        NA        NA        NA        NA
2.28   30.740902 378.47913 18.232394  2.984283 6.2506504
2.26          NA        NA        NA        NA        NA
2.25  -13.970637 346.43687 13.662621  9.208351 0.0100000
2.29          NA        NA        NA        NA        NA
2.21   36.187338 398.81332 12.430287  2.285929 3.7996936
3.33   22.553792 150.44371  7.058849  4.649081 0.0100000
3.37   14.140228 241.64371 15.267033  9.194337 0.0100000
3.36   23.368077 228.02803 10.619327  5.229382 0.0100000
3.31   18.079336 454.73873 20.000000  8.371758 0.0100000
3.39          NA        NA        NA        NA        NA
3.38   12.607426 532.88493 20.000000  8.141915 0.0100000
3.32   -4.019613 383.05649 14.109134  8.047674 0.0100000
3.40    6.258357 511.90545 18.076879  7.769455 0.3122883
3.34    6.466268 432.16511 15.043735  7.142276 0.0100000
3.35   14.770053 439.84651 13.281747  4.882107 0.8492099
4.44   36.781237 159.58227  7.410220  1.777889 3.6176861
4.45 -246.496489 626.88533 20.000000 26.829916 1.0841237
4.43   33.322269 199.61505  7.224242  2.690486 0.7548338
4.41   35.510599 275.22224 13.379136  2.026962 7.4504569
4.47   33.507883 335.04980 17.393750  2.358916 8.9077013
4.49  -22.744105 477.88924 20.000000  6.949955 3.4812769
4.46  -72.958524 529.58187 20.000000 15.096665 0.4099421
4.50   -1.323216 306.59392 12.133182  7.985515 0.0100000
4.42  -19.427879 551.91820 20.000000  8.840969 1.2455322
4.48  -10.589848 572.79031 19.074096  9.266812 0.0100000
> 
> # x1.1 <- cbind(  fits.RichardsLog.BP[[3]],              fits.Richards.BP[[3]])
> # x1.2 <- cbind(  fits.RichardsLog.BP[[3]][,"xmid"], log(fits.Richards.BP[[3]][,"x50"]))
> # x1.3 <- cbind(1/fits.RichardsLog.BP[[3]][,"scal"],    (fits.Richards.BP[[3]][,"b"]))
> # x1.4 <- cbind(  fits.RichardsLog.BP[[3]][,"scal"],  1/(fits.Richards.BP[[3]][,"b"]))
> 
> fits.FplLog.BP      <- fitList(listChicks, FUN = fit.FplLog.BP,
+                                applyFUN2X = myApplyFUN2XLog, n = 4)
    weight Time Chick Diet  ExpTime
195     39    0    18    1 1.000000
196     35    2    18    1 7.389056
    weight Time Chick Diet      ExpTime
144     41    0    13    1 1.000000e+00
145     48    2    13    1 7.389056e+00
146     53    4    13    1 5.459815e+01
147     60    6    13    1 4.034288e+02
148     65    8    13    1 2.980958e+03
149     67   10    13    1 2.202647e+04
150     71   12    13    1 1.627548e+05
151     70   14    13    1 1.202604e+06
152     71   16    13    1 8.886111e+06
153     81   18    13    1 6.565997e+07
154     91   20    13    1 4.851652e+08
155     96   21    13    1 1.318816e+09
    weight Time Chick Diet      ExpTime
183     42    0    17    1 1.000000e+00
184     51    2    17    1 7.389056e+00
185     61    4    17    1 5.459815e+01
186     72    6    17    1 4.034288e+02
187     83    8    17    1 2.980958e+03
188     89   10    17    1 2.202647e+04
189     98   12    17    1 1.627548e+05
190    103   14    17    1 1.202604e+06
191    113   16    17    1 8.886111e+06
192    123   18    17    1 6.565997e+07
193    133   20    17    1 4.851652e+08
194    142   21    17    1 1.318816e+09
    weight Time Chick Diet      ExpTime
197     43    0    19    1 1.000000e+00
198     48    2    19    1 7.389056e+00
199     55    4    19    1 5.459815e+01
200     62    6    19    1 4.034288e+02
201     65    8    19    1 2.980958e+03
202     71   10    19    1 2.202647e+04
203     82   12    19    1 1.627548e+05
204     88   14    19    1 1.202604e+06
205    106   16    19    1 8.886111e+06
206    120   18    19    1 6.565997e+07
207    144   20    19    1 4.851652e+08
208    157   21    19    1 1.318816e+09
    weight Time Chick Diet      ExpTime
257     42    0    24    2 1.000000e+00
258     52    2    24    2 7.389056e+00
259     58    4    24    2 5.459815e+01
260     74    6    24    2 4.034288e+02
261     66    8    24    2 2.980958e+03
262     68   10    24    2 2.202647e+04
263     70   12    24    2 1.627548e+05
264     71   14    24    2 1.202604e+06
265     72   16    24    2 8.886111e+06
266     72   18    24    2 6.565997e+07
267     76   20    24    2 4.851652e+08
268     74   21    24    2 1.318816e+09
    weight Time Chick Diet      ExpTime
233     41    0    22    2 1.000000e+00
234     55    2    22    2 7.389056e+00
235     64    4    22    2 5.459815e+01
236     77    6    22    2 4.034288e+02
237     90    8    22    2 2.980958e+03
238     95   10    22    2 2.202647e+04
239    108   12    22    2 1.627548e+05
240    111   14    22    2 1.202604e+06
241    131   16    22    2 8.886111e+06
242    148   18    22    2 6.565997e+07
243    164   20    22    2 4.851652e+08
244    167   21    22    2 1.318816e+09
    weight Time Chick Diet      ExpTime
293     39    0    27    2 1.000000e+00
294     46    2    27    2 7.389056e+00
295     58    4    27    2 5.459815e+01
296     73    6    27    2 4.034288e+02
297     87    8    27    2 2.980958e+03
298    100   10    27    2 2.202647e+04
299    115   12    27    2 1.627548e+05
300    123   14    27    2 1.202604e+06
301    144   16    27    2 8.886111e+06
302    163   18    27    2 6.565997e+07
303    185   20    27    2 4.851652e+08
304    192   21    27    2 1.318816e+09
    weight Time Chick Diet      ExpTime
281     42    0    26    2 1.000000e+00
282     48    2    26    2 7.389056e+00
283     57    4    26    2 5.459815e+01
284     74    6    26    2 4.034288e+02
285     93    8    26    2 2.980958e+03
286    114   10    26    2 2.202647e+04
287    136   12    26    2 1.627548e+05
288    147   14    26    2 1.202604e+06
289    169   16    26    2 8.886111e+06
290    205   18    26    2 6.565997e+07
291    236   20    26    2 4.851652e+08
292    251   21    26    2 1.318816e+09
    weight Time Chick Diet      ExpTime
317     39    0    29    2 1.000000e+00
318     48    2    29    2 7.389056e+00
319     59    4    29    2 5.459815e+01
320     74    6    29    2 4.034288e+02
321     87    8    29    2 2.980958e+03
322    106   10    29    2 2.202647e+04
323    134   12    29    2 1.627548e+05
324    150   14    29    2 1.202604e+06
325    187   16    29    2 8.886111e+06
326    230   18    29    2 6.565997e+07
327    279   20    29    2 4.851652e+08
328    309   21    29    2 1.318816e+09
    weight Time Chick Diet      ExpTime
437     42    0    39    3 1.000000e+00
438     50    2    39    3 7.389056e+00
439     61    4    39    3 5.459815e+01
440     78    6    39    3 4.034288e+02
441     89    8    39    3 2.980958e+03
442    109   10    39    3 2.202647e+04
443    130   12    39    3 1.627548e+05
444    146   14    39    3 1.202604e+06
445    170   16    39    3 8.886111e+06
446    214   18    39    3 6.565997e+07
447    250   20    39    3 4.851652e+08
448    272   21    39    3 1.318816e+09
               a         d      xmid      scal
1.18          NA        NA        NA        NA
1.16   38.960301  53.84044  2.755714  1.566707
1.15   36.902954  68.20245  2.992149  1.667476
1.13          NA        NA        NA        NA
1.9    39.188922  97.05618  5.489016  2.159942
1.20   18.921740 178.02729 16.292804  9.219375
1.10  -68.087370 212.74166  8.240392 16.785548
1.8    31.307282 135.40478  7.937288  3.881012
1.17          NA        NA        NA        NA
1.19          NA        NA        NA        NA
1.4    34.930084 189.81032 13.351377  4.916861
1.6    38.387191 159.72460  8.039811  2.419174
1.11   41.965532 182.48120  7.946284  2.146918
1.3    26.779034 242.46039 13.428692  4.883586
1.1    27.453209 348.97116 19.390528  6.672621
1.12   39.178993 226.74286 13.580930  3.766108
1.2    10.637064 339.30003 17.095051  7.413028
1.5    34.723132 229.31701 11.661050  3.040846
1.14   30.939082 287.82262 11.781244  3.827636
1.7    26.022269 414.07159 16.282915  5.073734
2.24          NA        NA        NA        NA
2.30   27.404010 166.62686  9.677074  4.542129
2.22          NA        NA        NA        NA
2.23   19.055550 196.93928 10.372422  5.535944
2.27          NA        NA        NA        NA
2.28   14.781155 268.66105 12.318045  5.314799
2.26          NA        NA        NA        NA
2.25   -7.269637 449.07987 17.573804  8.023198
2.29          NA        NA        NA        NA
2.21   20.102728 349.12687 10.977165  3.806589
3.33   34.567887 153.37520  7.694473  2.827199
3.37   16.137412 323.93129 20.000000  8.408473
3.36   31.282817 245.77034 11.405408  3.864460
3.31   30.495035 441.94833 20.000000  6.266333
3.39          NA        NA        NA        NA
3.38   27.055414 518.18789 20.000000  6.101482
3.32    1.479932 497.30456 17.605895  7.112776
3.40   12.198459 584.88158 20.000000  6.993024
3.34    8.485017 585.06908 18.701077  6.618559
3.35   16.144917 447.99655 13.484228  4.742731
4.44   22.040490 151.03307  6.253846  3.552782
4.45 -264.114511 644.52595 20.000000 28.577839
4.43   35.944284 200.34692  7.297419  2.422454
4.41    1.986624 224.49792  8.880743  5.605951
4.47   -3.382663 246.24551 10.092265  6.470410
4.49  -70.688105 406.41333 14.089534 11.485153
4.46  -45.160448 501.43786 20.000000 11.725784
4.50    7.494713 371.73336 14.813830  6.595502
4.42  -23.803609 541.33286 19.501354  9.333457
4.48    8.523573 593.91590 20.000000  7.037531
> 
> # x2.1 <- cbind(  fits.FplLog.BP[[3]],              fits.Fpl.BP[[3]])
> # x2.2 <- cbind(  fits.FplLog.BP[[3]][,"xmid"], log(fits.Fpl.BP[[3]][,"x50"]))
> # x2.3 <- cbind(1/fits.FplLog.BP[[3]][,"scal"],    (fits.Fpl.BP[[3]][,"b"]))
> # x2.4 <- cbind(  fits.FplLog.BP[[3]][,"scal"],  1/(fits.Fpl.BP[[3]][,"b"]))
> 
> fits.FplLog.D       <- fitList(listChicks, FUN = fit.FplLog.D,
+                                applyFUN2X = myApplyFUN2XLog, n = 4)
    weight Time Chick Diet  ExpTime
195     39    0    18    1 1.000000
196     35    2    18    1 7.389056
    weight Time Chick Diet      ExpTime
144     41    0    13    1 1.000000e+00
145     48    2    13    1 7.389056e+00
146     53    4    13    1 5.459815e+01
147     60    6    13    1 4.034288e+02
148     65    8    13    1 2.980958e+03
149     67   10    13    1 2.202647e+04
150     71   12    13    1 1.627548e+05
151     70   14    13    1 1.202604e+06
152     71   16    13    1 8.886111e+06
153     81   18    13    1 6.565997e+07
154     91   20    13    1 4.851652e+08
155     96   21    13    1 1.318816e+09
    weight Time Chick Diet      ExpTime
183     42    0    17    1 1.000000e+00
184     51    2    17    1 7.389056e+00
185     61    4    17    1 5.459815e+01
186     72    6    17    1 4.034288e+02
187     83    8    17    1 2.980958e+03
188     89   10    17    1 2.202647e+04
189     98   12    17    1 1.627548e+05
190    103   14    17    1 1.202604e+06
191    113   16    17    1 8.886111e+06
192    123   18    17    1 6.565997e+07
193    133   20    17    1 4.851652e+08
194    142   21    17    1 1.318816e+09
    weight Time Chick Diet      ExpTime
197     43    0    19    1 1.000000e+00
198     48    2    19    1 7.389056e+00
199     55    4    19    1 5.459815e+01
200     62    6    19    1 4.034288e+02
201     65    8    19    1 2.980958e+03
202     71   10    19    1 2.202647e+04
203     82   12    19    1 1.627548e+05
204     88   14    19    1 1.202604e+06
205    106   16    19    1 8.886111e+06
206    120   18    19    1 6.565997e+07
207    144   20    19    1 4.851652e+08
208    157   21    19    1 1.318816e+09
    weight Time Chick Diet      ExpTime
257     42    0    24    2 1.000000e+00
258     52    2    24    2 7.389056e+00
259     58    4    24    2 5.459815e+01
260     74    6    24    2 4.034288e+02
261     66    8    24    2 2.980958e+03
262     68   10    24    2 2.202647e+04
263     70   12    24    2 1.627548e+05
264     71   14    24    2 1.202604e+06
265     72   16    24    2 8.886111e+06
266     72   18    24    2 6.565997e+07
267     76   20    24    2 4.851652e+08
268     74   21    24    2 1.318816e+09
    weight Time Chick Diet      ExpTime
233     41    0    22    2 1.000000e+00
234     55    2    22    2 7.389056e+00
235     64    4    22    2 5.459815e+01
236     77    6    22    2 4.034288e+02
237     90    8    22    2 2.980958e+03
238     95   10    22    2 2.202647e+04
239    108   12    22    2 1.627548e+05
240    111   14    22    2 1.202604e+06
241    131   16    22    2 8.886111e+06
242    148   18    22    2 6.565997e+07
243    164   20    22    2 4.851652e+08
244    167   21    22    2 1.318816e+09
    weight Time Chick Diet      ExpTime
293     39    0    27    2 1.000000e+00
294     46    2    27    2 7.389056e+00
295     58    4    27    2 5.459815e+01
296     73    6    27    2 4.034288e+02
297     87    8    27    2 2.980958e+03
298    100   10    27    2 2.202647e+04
299    115   12    27    2 1.627548e+05
300    123   14    27    2 1.202604e+06
301    144   16    27    2 8.886111e+06
302    163   18    27    2 6.565997e+07
303    185   20    27    2 4.851652e+08
304    192   21    27    2 1.318816e+09
    weight Time Chick Diet      ExpTime
281     42    0    26    2 1.000000e+00
282     48    2    26    2 7.389056e+00
283     57    4    26    2 5.459815e+01
284     74    6    26    2 4.034288e+02
285     93    8    26    2 2.980958e+03
286    114   10    26    2 2.202647e+04
287    136   12    26    2 1.627548e+05
288    147   14    26    2 1.202604e+06
289    169   16    26    2 8.886111e+06
290    205   18    26    2 6.565997e+07
291    236   20    26    2 4.851652e+08
292    251   21    26    2 1.318816e+09
    weight Time Chick Diet      ExpTime
317     39    0    29    2 1.000000e+00
318     48    2    29    2 7.389056e+00
319     59    4    29    2 5.459815e+01
320     74    6    29    2 4.034288e+02
321     87    8    29    2 2.980958e+03
322    106   10    29    2 2.202647e+04
323    134   12    29    2 1.627548e+05
324    150   14    29    2 1.202604e+06
325    187   16    29    2 8.886111e+06
326    230   18    29    2 6.565997e+07
327    279   20    29    2 4.851652e+08
328    309   21    29    2 1.318816e+09
    weight Time Chick Diet      ExpTime
437     42    0    39    3 1.000000e+00
438     50    2    39    3 7.389056e+00
439     61    4    39    3 5.459815e+01
440     78    6    39    3 4.034288e+02
441     89    8    39    3 2.980958e+03
442    109   10    39    3 2.202647e+04
443    130   12    39    3 1.627548e+05
444    146   14    39    3 1.202604e+06
445    170   16    39    3 8.886111e+06
446    214   18    39    3 6.565997e+07
447    250   20    39    3 4.851652e+08
448    272   21    39    3 1.318816e+09
               a          d      xmid      scal
1.18          NA         NA        NA        NA
1.16   38.960210   53.84046  2.755696  1.566730
1.15   36.902934   68.20245  2.992147  1.667479
1.13          NA         NA        NA        NA
1.9    39.188804   97.05619  5.489005  2.159953
1.20   18.921666  178.02749 16.292819  9.219391
1.10  -68.085093  212.74026  8.240500 16.785324
1.8    31.307257  135.40480  7.937288  3.881016
1.17          NA         NA        NA        NA
1.19          NA         NA        NA        NA
1.4    34.930027  189.81054 13.351391  4.916872
1.6    38.387188  159.72460  8.039811  2.419174
1.11   41.965519  182.48121  7.946285  2.146920
1.3    26.778938  242.46070 13.428704  4.883598
1.1    27.453206  348.97120 19.390529  6.672621
1.12   39.178980  226.74288 13.580930  3.766109
1.2    10.637114  339.29973 17.095039  7.413021
1.5    34.723106  229.31705 11.661050  3.040848
1.14   30.939033  287.82268 11.781245  3.827640
1.7    26.022271  414.07157 16.282915  5.073734
2.24          NA         NA        NA        NA
2.30   27.404055  166.62681  9.677073  4.542124
2.22          NA         NA        NA        NA
2.23   19.055568  196.93925 10.372421  5.535942
2.27          NA         NA        NA        NA
2.28   14.781179  268.66099 12.318043  5.314797
2.26          NA         NA        NA        NA
2.25   -7.269687  449.08012 17.573811  8.023203
2.29          NA         NA        NA        NA
2.21   20.102775  349.12683 10.977165  3.806587
3.33   34.567914  153.37516  7.694471  2.827194
3.37   14.155123  340.13302 20.763038  8.770770
3.36   31.282792  245.77040 11.405410  3.864463
3.31    5.584806 1814.09283 40.108519 10.457962
3.39          NA         NA        NA        NA
3.38    8.177231 1036.59358 29.154063  8.626975
3.32    1.479912  497.30470 17.605899  7.112778
3.40    8.655936  626.97218 20.916447  7.363130
3.34    8.484897  585.07039 18.701105  6.618571
3.35   16.144960  447.99646 13.484226  4.742729
4.44   22.040479  151.03307  6.253845  3.552783
4.45 -295.444510  709.27512 22.090353 31.446752
4.43   35.944284  200.34692  7.297419  2.422454
4.41    1.986573  224.49798  8.880744  5.605954
4.47   -3.382606  246.24544 10.092264  6.470406
4.49  -70.687981  406.41293 14.089520 11.485141
4.46  -68.626286  638.19168 24.601806 14.274588
4.50    7.494742  371.73323 14.813825  6.595499
4.42  -23.803685  541.33319 19.501362  9.333463
4.48   -9.429482  876.14263 25.492207  8.936782
> 
> # x3.1 <- cbind(  fits.FplLog.D[[3]],              fits.Fpl.D[[3]])
> # x3.2 <- cbind(  fits.FplLog.D[[3]][,"xmid"], log(fits.Fpl.D[[3]][,"x50"]))
> # x3.3 <- cbind(1/fits.FplLog.D[[3]][,"scal"],    (fits.Fpl.D[[3]][,"b"]))
> # x3.4 <- cbind(  fits.FplLog.D[[3]][,"scal"],  1/(fits.Fpl.D[[3]][,"b"]))
> 
> 
